/home/runner/Test3Session2
 gcc -g p2final.c
 gdb a.out
GNU gdb (Ubuntu 8.1.1-0ubuntu1) 8.1.1
Copyright (C) 2018 Free Software Foundation, Inc.
License GPLv3+: GNU GPL version 3 or later <http://gnu.org/licenses/gpl.html>
This is free software: you are free to change and redistribute it.
There is NO WARRANTY, to the extent permitted by law.  Type "show copying"
and "show warranty" for details.
This GDB was configured as "x86_64-linux-gnu".
Type "show configuration" for configuration details.
For bug reporting instructions, please see:
<http://www.gnu.org/software/gdb/bugs/>.
Find the GDB manual and other documentation resources online at:
<http://www.gnu.org/software/gdb/documentation/>.
For help, type "help".
Type "apropos word" to search for commands related to "word"...
Reading symbols from a.out...done.
(gdb) b main
Breakpoint 1 at 0x8a1: file p2final.c, line 38.
(gdb) r
Starting program: /home/runner/Test3Session2/a.out 
warning: Error disabling address space randomization: Operation not permitted

Breakpoint 1, main () at p2final.c:38
38    a=input_fraction();
(gdb) s
input_fraction () at p2final.c:8
8   {
(gdb) n
10    printf("enter the fraction one a/b in the form a_b\n");
(gdb) n
enter the fraction one a/b in the form a_b
11    scanf("%d%d",&a.num,&a.den);
(gdb) n
1 2
12    return a;
(gdb) n
13  }
(gdb) n
main () at p2final.c:39
39    b=input_fraction();
(gdb) s
input_fraction () at p2final.c:8
8   {
(gdb) n
10    printf("enter the fraction one a/b in the form a_b\n");
(gdb) n
enter the fraction one a/b in the form a_b
11    scanf("%d%d",&a.num,&a.den);
(gdb) n
1 4
12    return a;
(gdb) n
13  }
(gdb) n
main () at p2final.c:40
40    c=input_fraction();
(gdb) n
enter the fraction one a/b in the form a_b
1 1 
41    d=Largest_fraction(a,b,c);
(gdb) n
42    output(a,b,c,d);
(gdb) n
the largest of the fractions 1/2 , 1/4 , 1/1 is 1/1 
43  }
(gdb) n

